<html>
<body>
<pre>
<h1>礦ision Build Log</h1>
<h2>Tool Versions:</h2>
IDE-Version: μVision V5.22.0.0
Copyright (C) 2016 ARM Ltd and ARM Germany GmbH. All rights reserved.
License Information: tan jy, gdut, LIC=AK101-CJ1K8-NRUXL-0DIKR-YSS49-EMYGF
 
Tool Versions:
Toolchain:       MDK-ARM Professional  Version: 5.22
Toolchain Path:  E:\Keil_v5\ARM\ARMCC\Bin
C Compiler:      Armcc.exe V5.06 update 4 (build 422)
Assembler:       Armasm.exe V5.06 update 4 (build 422)
Linker/Locator:  ArmLink.exe V5.06 update 4 (build 422)
Library Manager: ArmAr.exe V5.06 update 4 (build 422)
Hex Converter:   FromElf.exe V5.06 update 4 (build 422)
CPU DLL:         SARMCM3.DLL V5.22
Dialog DLL:      DCM.DLL V1.13.9.0
Target DLL:      STLink\ST-LINKIII-KEIL_SWO.dll V2.0.18.0
Dialog DLL:      TCM.DLL V1.21.0.0
 
<h2>Project:</h2>
G:\stm32\project_demo\stm32f10c8t6_demo\SysTick—系统定时器\Project\RVMDK（uv5）\BH-F103.uvprojx
Project File Date:  10/02/2019

<h2>Output:</h2>
*** Using Compiler 'V5.06 update 4 (build 422)', folder: 'E:\Keil_v5\ARM\ARMCC\Bin'
Rebuild target 'SysTick'
assembling startup_stm32f10x_hd.s...
compiling core_cm3.c...
compiling system_stm32f10x.c...
compiling stm32f10x_gpio.c...
"no source": Error:  #5: cannot open source input file "..\..\..\..\..\STM32F103ZE锛圞eil锛塤Demo\Libraries\STM32F10x_StdPeriph_Driver\src\stm32f10x_gpio.c": No such file or directory
..\..\..\..\..\STM32F103ZE（Keil）_Demo\Libraries\STM32F10x_StdPeriph_Driver\src\stm32f10x_gpio.c: 0 warnings, 1 error
compiling misc.c...
compiling stm32f10x_rcc.c...
"no source": Error:  #5: cannot open source input file "..\..\..\..\..\STM32F103ZE锛圞eil锛塤Demo\Libraries\STM32F10x_StdPeriph_Driver\src\stm32f10x_rcc.c": No such file or directory
..\..\..\..\..\STM32F103ZE（Keil）_Demo\Libraries\STM32F10x_StdPeriph_Driver\src\stm32f10x_rcc.c: 0 warnings, 1 error
compiling main.c...
compiling stm32f10x_it.c...
compiling bsp_led.c...
compiling bsp_SysTick.c...
linking...
Program Size: Code=2848 RO-data=336 RW-data=44 ZI-data=1028  
FromELF: creating hex file...
"..\..\Output\SysTick.axf" - 0 Error(s), 0 Warning(s).

<h2>Collection of Component include folders:</h2>
  G:\stm32\project_demo\stm32f10c8t6_demo\SysTick—系统定时器\Project\RVMDK（uv5）\RTE\_SysTick
  E:\Keil_v5\ARM\PACK\Keil\STM32F1xx_DFP\2.1.0\Device\Include

<h2>Collection of Component Files used:</h2>
Build Time Elapsed:  00:00:03
</pre>
</body>
</html>
